// Jest Snapshot v1, https://goo.gl/fbAQLP

exports[`App tests should render default App component 1`] = `
<DocumentFragment>
  <div
    class="pf-v6-c-page"
  >
    <div
      class="pf-v6-c-skip-to-content"
    >
      <a
        class="pf-v6-c-button pf-m-primary"
        data-ouia-component-id="OUIA-Generated-Button-primary-1"
        data-ouia-component-type="PF6/Button"
        data-ouia-safe="true"
        href="#primary-app-container"
      >
        <span
          class="pf-v6-c-button__text"
        >
          Skip to Content
        </span>
      </a>
    </div>
    <header
      class="pf-v6-c-masthead pf-m-display-inline-on-md"
    >
      <div
        class="pf-v6-c-masthead__main"
      >
        <span
          class="pf-v6-c-masthead__toggle"
        >
          <button
            aria-label="Global navigation"
            class="pf-v6-c-button pf-m-plain"
            data-ouia-component-id="OUIA-Generated-Button-plain-1"
            data-ouia-component-type="PF6/Button"
            data-ouia-safe="true"
            type="button"
          >
            <span
              class="pf-v6-c-button__icon"
            >
              <svg
                aria-hidden="true"
                class="pf-v6-svg"
                fill="currentColor"
                height="1em"
                role="img"
                viewBox="0 0 448 512"
                width="1em"
              >
                <path
                  d="M16 132h416c8.837 0 16-7.163 16-16V76c0-8.837-7.163-16-16-16H16C7.163 60 0 67.163 0 76v40c0 8.837 7.163 16 16 16zm0 160h416c8.837 0 16-7.163 16-16v-40c0-8.837-7.163-16-16-16H16c-8.837 0-16 7.163-16 16v40c0 8.837 7.163 16 16 16zm0 160h416c8.837 0 16-7.163 16-16v-40c0-8.837-7.163-16-16-16H16c-8.837 0-16 7.163-16 16v40c0 8.837 7.163 16 16 16z"
                />
              </svg>
            </span>
          </button>
        </span>
        <div
          class="pf-v6-c-masthead__brand"
          data-codemods="true"
        >
          <span
            class="pf-v6-c-masthead__logo"
            data-codemods="true"
          >
            <img
              alt="Estimaver Logo"
              src="test-file-stub"
              style="height: 40px;"
            />
          </span>
        </div>
      </div>
    </header>
    <div
      aria-hidden="false"
      class="pf-v6-c-page__sidebar pf-m-expanded"
      id="page-sidebar"
    >
      <div
        class="pf-v6-c-page__sidebar-body"
      >
        <nav
          aria-label="Global"
          class="pf-v6-c-nav"
          data-ouia-component-id="OUIA-Generated-Nav-1"
          data-ouia-component-type="PF6/Nav"
          data-ouia-safe="true"
          id="nav-primary-simple"
        >
          <ul
            class="pf-v6-c-nav__list"
            id="nav-list-simple"
            role="list"
          >
            <li
              class="pf-v6-c-nav__item"
              data-ouia-component-id="OUIA-Generated-NavItem-1"
              data-ouia-component-type="PF6/NavItem"
              data-ouia-safe="true"
            >
              <a
                aria-current="page"
                class="pf-v6-c-nav__link pf-m-current active"
                data-discover="true"
                href="/"
              >
                Home
              </a>
            </li>
            <li
              class="pf-v6-c-nav__item"
              data-ouia-component-id="OUIA-Generated-NavItem-2"
              data-ouia-component-type="PF6/NavItem"
              data-ouia-safe="true"
            >
              <a
                class="pf-v6-c-nav__link"
                data-discover="true"
                href="/projects"
              >
                Projects
              </a>
            </li>
            <li
              class="pf-v6-c-nav__item"
              data-ouia-component-id="OUIA-Generated-NavItem-3"
              data-ouia-component-type="PF6/NavItem"
              data-ouia-safe="true"
            >
              <a
                class="pf-v6-c-nav__link"
                data-discover="true"
                href="/templates"
              >
                Templates
              </a>
            </li>
          </ul>
        </nav>
      </div>
    </div>
    <div
      class="pf-v6-c-page__main-container"
    >
      <main
        class="pf-v6-c-page__main"
        id="primary-app-container"
        tabindex="-1"
      >
        <div
          class="pf-v6-c-banner pf-m-info"
        >
          Consulting Project Estimation
        </div>
        <div
          class="pf-v6-l-bullseye"
        >
          <div
            class="pf-v6-c-card"
            data-ouia-component-id="OUIA-Generated-Card-1"
            data-ouia-component-type="PF6/Card"
            data-ouia-safe="true"
            id=""
            style="min-width: 400px; box-shadow: 0 2px 8px rgba(0,0,0,0.1);"
          >
            <div
              class="pf-v6-c-card__body"
            >
              <h1
                class="pf-v6-c-title pf-m-2xl"
                data-ouia-component-id="OUIA-Generated-Title-1"
                data-ouia-component-type="PF6/Title"
                data-ouia-safe="true"
              >
                Project Estimation App
              </h1>
              <p
                style="margin-top: 8px; font-size: 1rem; color: rgb(68, 68, 68);"
              >
                Version: 0.0.2
              </p>
              <p
                style="margin-top: 16px; font-size: 1.1rem; color: rgb(68, 68, 68);"
              >
                Welcome! This application helps you create, manage, and share project estimates using proven methodologies like PERT. Start a new project or explore templates to get going.
              </p>
              <p
                style="margin-top: 16px;"
              >
                Template bugs or enhancements? Submit them on our 
                <a
                  href="https://github.com/RedHatConsulting/project-estimation/issues"
                  rel="noopener noreferrer"
                  target="_blank"
                >
                  GitHub issues
                </a>
                 page.
              </p>
              <button
                class="pf-v6-c-button pf-m-primary"
                data-ouia-component-id="OUIA-Generated-Button-primary-2"
                data-ouia-component-type="PF6/Button"
                data-ouia-safe="true"
                href="/projects/new"
                style="margin-top: 24px;"
                type="button"
              >
                <span
                  class="pf-v6-c-button__text"
                >
                  Start New Project
                </span>
              </button>
              <button
                class="pf-v6-c-button pf-m-link"
                data-ouia-component-id="OUIA-Generated-Button-link-1"
                data-ouia-component-type="PF6/Button"
                data-ouia-safe="true"
                href="/templates"
                style="margin-left: 8px;"
                type="button"
              >
                <span
                  class="pf-v6-c-button__text"
                >
                  Browse Templates
                </span>
              </button>
            </div>
          </div>
        </div>
        <div
          class="pf-v6-c-card pf-m-plain"
          data-ouia-component-id="OUIA-Generated-Card-2"
          data-ouia-component-type="PF6/Card"
          data-ouia-safe="true"
          id=""
          style="margin-top: 24px;"
        >
          <div
            class="pf-v6-c-card__body"
          >
            <h2
              class="pf-v6-c-title pf-m-lg"
              data-ouia-component-id="OUIA-Generated-Title-2"
              data-ouia-component-type="PF6/Title"
              data-ouia-safe="true"
            >
              Instructions
            </h2>
            <div
              class="pf-v6-c-tabs pf-m-animate-current pf-m-box pf-m-initializing-accent"
              data-ouia-component-id="OUIA-Generated-Tabs-1"
              data-ouia-component-type="PF6/Tabs"
              data-ouia-safe="true"
              style="--pf-v6-c-tabs--link-accent--length: 0px; --pf-v6-c-tabs--link-accent--start: 0px;"
            >
              <ul
                class="pf-v6-c-tabs__list"
                role="tablist"
              >
                <li
                  class="pf-v6-c-tabs__item pf-m-current"
                  role="presentation"
                >
                  <button
                    aria-controls="pf-tab-section-0-pf-1755228830806fdyjxcmo4bt"
                    aria-selected="true"
                    class="pf-v6-c-tabs__link"
                    data-ouia-component-type="PF6/TabButton"
                    data-ouia-safe="true"
                    id="pf-tab-0-pf-1755228830806fdyjxcmo4bt"
                    role="tab"
                    type="button"
                  >
                    Enablement
                  </button>
                </li>
                <li
                  class="pf-v6-c-tabs__item"
                  role="presentation"
                >
                  <button
                    aria-controls="pf-tab-section-1-pf-1755228830806fdyjxcmo4bt"
                    aria-selected="false"
                    class="pf-v6-c-tabs__link"
                    data-ouia-component-type="PF6/TabButton"
                    data-ouia-safe="true"
                    id="pf-tab-1-pf-1755228830806fdyjxcmo4bt"
                    role="tab"
                    type="button"
                  >
                    Initial offering creation
                  </button>
                </li>
                <li
                  class="pf-v6-c-tabs__item"
                  role="presentation"
                >
                  <button
                    aria-controls="pf-tab-section-2-pf-1755228830806fdyjxcmo4bt"
                    aria-selected="false"
                    class="pf-v6-c-tabs__link"
                    data-ouia-component-type="PF6/TabButton"
                    data-ouia-safe="true"
                    id="pf-tab-2-pf-1755228830806fdyjxcmo4bt"
                    role="tab"
                    type="button"
                  >
                    Estimation
                  </button>
                </li>
                <li
                  class="pf-v6-c-tabs__item"
                  role="presentation"
                >
                  <button
                    aria-controls="pf-tab-section-3-pf-1755228830806fdyjxcmo4bt"
                    aria-selected="false"
                    class="pf-v6-c-tabs__link"
                    data-ouia-component-type="PF6/TabButton"
                    data-ouia-safe="true"
                    id="pf-tab-3-pf-1755228830806fdyjxcmo4bt"
                    role="tab"
                    type="button"
                  >
                    Team modeling
                  </button>
                </li>
                <li
                  class="pf-v6-c-tabs__item"
                  role="presentation"
                >
                  <button
                    aria-controls="pf-tab-section-4-pf-1755228830806fdyjxcmo4bt"
                    aria-selected="false"
                    class="pf-v6-c-tabs__link"
                    data-ouia-component-type="PF6/TabButton"
                    data-ouia-safe="true"
                    id="pf-tab-4-pf-1755228830806fdyjxcmo4bt"
                    role="tab"
                    type="button"
                  >
                    Review staffing needs
                  </button>
                </li>
                <li
                  class="pf-v6-c-tabs__item"
                  role="presentation"
                >
                  <button
                    aria-controls="pf-tab-section-5-pf-1755228830806fdyjxcmo4bt"
                    aria-selected="false"
                    class="pf-v6-c-tabs__link"
                    data-ouia-component-type="PF6/TabButton"
                    data-ouia-safe="true"
                    id="pf-tab-5-pf-1755228830806fdyjxcmo4bt"
                    role="tab"
                    type="button"
                  >
                    Generating task list document
                  </button>
                </li>
                <li
                  class="pf-v6-c-tabs__item"
                  role="presentation"
                >
                  <button
                    aria-controls="pf-tab-section-6-pf-1755228830806fdyjxcmo4bt"
                    aria-selected="false"
                    class="pf-v6-c-tabs__link"
                    data-ouia-component-type="PF6/TabButton"
                    data-ouia-safe="true"
                    id="pf-tab-6-pf-1755228830806fdyjxcmo4bt"
                    role="tab"
                    type="button"
                  >
                    Peer review
                  </button>
                </li>
              </ul>
            </div>
            <section
              aria-labelledby="pf-tab-0-pf-1755228830806fdyjxcmo4bt"
              class="pf-v6-c-tab-content"
              data-ouia-component-type="PF6/TabContent"
              data-ouia-safe="true"
              id="pf-tab-section-0-pf-1755228830806fdyjxcmo4bt"
              role="tabpanel"
              tabindex="0"
            >
              <pre
                style="white-space: pre-wrap;"
              >
                Complete the Consulting Scoping Process and Tooling Enablement Learning Path if new to scoping.
Review the Services Scoping Enablement playlist for refreshers.
For help, use Slack: #help-consulting-project-estimation.
              </pre>
            </section>
            <section
              aria-labelledby="pf-tab-1-pf-1755228830806fdyjxcmo4bt"
              class="pf-v6-c-tab-content"
              data-ouia-component-type="PF6/TabContent"
              data-ouia-safe="true"
              hidden=""
              id="pf-tab-section-1-pf-1755228830806fdyjxcmo4bt"
              role="tabpanel"
              tabindex="0"
            >
              <pre
                style="white-space: pre-wrap;"
              >
                Use the latest template at https://red.ht/ConsultingScopingTemplate.
Organize tabs from left to right as you complete them.
Add participants, fill in opportunity info, and normalize the document title.
Check Portfolio Hub for existing offerings and import if applicable.
Complete the Project Complexity Matrix with client input.
Review and write business outcomes, tasks, weekly tasks, legal words to avoid, risks, out of scope items, prerequisites & assumptions, and training recommendations.
              </pre>
            </section>
            <section
              aria-labelledby="pf-tab-2-pf-1755228830806fdyjxcmo4bt"
              class="pf-v6-c-tab-content"
              data-ouia-component-type="PF6/TabContent"
              data-ouia-safe="true"
              hidden=""
              id="pf-tab-section-2-pf-1755228830806fdyjxcmo4bt"
              role="tabpanel"
              tabindex="0"
            >
              <pre
                style="white-space: pre-wrap;"
              >
                Recruit at least 3 participants, including SMEs and a "rubber duck" technologist.
Fill out the Scoping Participants tab for LoE Exercise Participants.
Run the scoping exercise to estimate best, worst, and most likely cases for tasks, weekly tasks, and risks.
Refine task language, update risks, out of scope items, and assumptions.
              </pre>
            </section>
            <section
              aria-labelledby="pf-tab-3-pf-1755228830806fdyjxcmo4bt"
              class="pf-v6-c-tab-content"
              data-ouia-component-type="PF6/TabContent"
              data-ouia-safe="true"
              hidden=""
              id="pf-tab-section-3-pf-1755228830806fdyjxcmo4bt"
              role="tabpanel"
              tabindex="0"
            >
              <pre
                style="white-space: pre-wrap;"
              >
                Verify Project Complexity Matrix completion.
Fill out desired roles and metadata in Team Roles tab.
Model the team and review results in Team Modeling and Staffing Plan tabs.
Adjust scope if model does not match time/budget needs.
Do not change task estimates without changing wording or assumptions.
              </pre>
            </section>
            <section
              aria-labelledby="pf-tab-4-pf-1755228830806fdyjxcmo4bt"
              class="pf-v6-c-tab-content"
              data-ouia-component-type="PF6/TabContent"
              data-ouia-safe="true"
              hidden=""
              id="pf-tab-section-4-pf-1755228830806fdyjxcmo4bt"
              role="tabpanel"
              tabindex="0"
            >
              <pre
                style="white-space: pre-wrap;"
              >
                Review the Staffing Needs (Output) tab and adjust scope as needed.
The Possible Staffing Plan is a suggestion; use your business knowledge to assess success likelihood.
              </pre>
            </section>
            <section
              aria-labelledby="pf-tab-5-pf-1755228830806fdyjxcmo4bt"
              class="pf-v6-c-tab-content"
              data-ouia-component-type="PF6/TabContent"
              data-ouia-safe="true"
              hidden=""
              id="pf-tab-section-5-pf-1755228830806fdyjxcmo4bt"
              role="tabpanel"
              tabindex="0"
            >
              <pre
                style="white-space: pre-wrap;"
              >
                Use Red Hat Tools -&gt; Export Client Review Document.
              </pre>
            </section>
            <section
              aria-labelledby="pf-tab-6-pf-1755228830806fdyjxcmo4bt"
              class="pf-v6-c-tab-content"
              data-ouia-component-type="PF6/TabContent"
              data-ouia-safe="true"
              hidden=""
              id="pf-tab-section-6-pf-1755228830806fdyjxcmo4bt"
              role="tabpanel"
              tabindex="0"
            >
              <pre
                style="white-space: pre-wrap;"
              >
                Fill out the Scoping Participants tab for Peer Review Participants.
Review participants, outcomes, tasks, weekly tasks, legal words, risks, out of scope items, prerequisites & assumptions, section descriptions, training recommendations, project complexity matrix, team roles, team modeling, and statistics for completeness and flags.
              </pre>
            </section>
          </div>
        </div>
      </main>
    </div>
  </div>
</DocumentFragment>
`;
